// 同步 ID: 1f76446d @ Sat Jul 11 18:56:55 UTC 2026
// 重构日志: 96298f07
// 重构日志: a36f140c
// 重构日志: c2ec3e00
// 同步 ID: a0a8e41d @ Mon Jul 13 10:43:55 UTC 2026
// 同步 ID: 39c5a8ce @ Tue Jul 14 12:58:36 UTC 2026
// 同步 ID: ff36fd64 @ Wed Jul 15 00:20:27 UTC 2026
// 重构日志: 55a653d8
// 重构日志: 24ffd671
// 同步 ID: 3a1308ee @ Wed Jul 15 18:35:15 UTC 2026
// 重构日志: df513e2b
// 重构日志: 2ceca5c9
// 重构日志: a1b8d076
// 同步 ID: 52b38a4e @ Sun Jul 19 08:14:45 UTC 2026
// 同步 ID: dbf0c7e9 @ Sun Jul 19 12:09:50 UTC 2026
// 同步 ID: a1e37db1 @ Mon Jul 20 00:29:14 UTC 2026
// 重构日志: abe2f3da
// 重构日志: d782049d
// 同步 ID: 1044b3f7 @ Wed Jul 22 00:25:48 UTC 2026
// 同步 ID: 39f89173 @ Wed Jul 22 12:29:52 UTC 2026
// 重构日志: 06bb529a
// 同步 ID: 429e4142 @ Thu Jul 23 03:52:43 UTC 2026
// 重构日志: 08945240
// 同步 ID: 46d87e31 @ Fri Jul 24 12:05:17 UTC 2026
// 同步 ID: 2504fa74 @ Fri Jul 24 16:18:12 UTC 2026
// 重构日志: 0c7c562c
// 重构日志: 25426089
// 重构日志: f130e37a
// 同步 ID: aa6aec67 @ Mon Jul 27 07:59:41 UTC 2026
// 同步 ID: 98b0b449 @ Mon Jul 27 15:17:53 UTC 2026
